// Jest Snapshot v1, https://goo.gl/fbAQLP

exports[`Slots should render properly 1`] = `
<div>
  <div
    class="slotsContainer"
  >
    <div
      class="calendarContainer"
    >
      <div
        class="calendarBtns"
      >
        <button>
          Back
        </button>
        <button>
          Today
        </button>
        <button>
          Next
        </button>
      </div>
      <div
        class="calendar"
      >
        <ul
          class="hours"
        >
          <li>
            0
            :00
          </li>
          <li>
            1
            :00
          </li>
          <li>
            2
            :00
          </li>
          <li>
            3
            :00
          </li>
          <li>
            4
            :00
          </li>
          <li>
            5
            :00
          </li>
          <li>
            6
            :00
          </li>
          <li>
            7
            :00
          </li>
          <li>
            8
            :00
          </li>
          <li>
            9
            :00
          </li>
          <li>
            10
            :00
          </li>
          <li>
            11
            :00
          </li>
          <li>
            12
            :00
          </li>
          <li>
            13
            :00
          </li>
          <li>
            14
            :00
          </li>
          <li>
            15
            :00
          </li>
          <li>
            16
            :00
          </li>
          <li>
            17
            :00
          </li>
          <li>
            18
            :00
          </li>
          <li>
            19
            :00
          </li>
          <li>
            20
            :00
          </li>
          <li>
            21
            :00
          </li>
          <li>
            22
            :00
          </li>
          <li>
            23
            :00
          </li>
        </ul>
        <div
          class="dayColumn"
        >
          <div
            class="day cell"
          >
            29.3
          </div>
          <div
            class="cell"
          />
          <div
            class="cell"
          />
          <div
            class="cell"
          />
          <div
            class="cell"
          />
          <div
            class="cell"
          />
          <div
            class="cell"
          />
          <div
            class="cell"
          />
          <div
            class="cell"
          />
          <div
            class="cell"
          />
          <div
            class="cell"
          />
          <div
            class="cell"
          />
          <div
            class="cell"
          />
          <div
            class="cell"
          />
          <div
            class="cell"
          />
          <div
            class="cell"
          />
          <div
            class="cell"
          />
          <div
            class="cell"
          />
          <div
            class="cell"
          />
          <div
            class="cell"
          />
          <div
            class="cell"
          />
          <div
            class="cell"
          />
          <div
            class="cell"
          />
          <div
            class="cell"
          />
          <div
            class="cell"
          />
        </div>
        <div
          class="dayColumn"
        >
          <div
            class="day cell"
          >
            30.3
          </div>
          <div
            class="cell"
          />
          <div
            class="cell"
          />
          <div
            class="cell"
          />
          <div
            class="cell"
          />
          <div
            class="cell"
          />
          <div
            class="cell"
          />
          <div
            class="cell"
          />
          <div
            class="cell"
          />
          <div
            class="cell"
          />
          <div
            class="cell"
          />
          <div
            class="cell"
          />
          <div
            class="cell"
          />
          <div
            class="cell"
          />
          <div
            class="cell"
          />
          <div
            class="cell"
          />
          <div
            class="cell"
          />
          <div
            class="cell"
          />
          <div
            class="cell"
          />
          <div
            class="cell"
          />
          <div
            class="cell"
          />
          <div
            class="cell"
          />
          <div
            class="cell"
          />
          <div
            class="cell"
          />
          <div
            class="cell"
          />
        </div>
        <div
          class="dayColumn"
        >
          <div
            class="day cell"
          >
            31.3
          </div>
          <div
            class="cell"
          />
          <div
            class="cell"
          />
          <div
            class="cell"
          />
          <div
            class="cell"
          />
          <div
            class="cell"
          />
          <div
            class="cell"
          />
          <div
            class="cell"
          />
          <div
            class="cell"
          />
          <div
            class="cell"
          />
          <div
            class="cell"
          />
          <div
            class="cell"
          />
          <div
            class="cell"
          />
          <div
            class="cell"
          />
          <div
            class="cell"
          />
          <div
            class="cell"
          />
          <div
            class="cell"
          />
          <div
            class="cell"
          />
          <div
            class="cell"
          />
          <div
            class="cell"
          />
          <div
            class="cell"
          />
          <div
            class="cell"
          />
          <div
            class="cell"
          />
          <div
            class="cell"
          />
          <div
            class="cell"
          />
        </div>
        <div
          class="dayColumn"
        >
          <div
            class="day cell"
          >
            1.4
          </div>
          <div
            class="cell"
          />
          <div
            class="cell"
          />
          <div
            class="cell"
          />
          <div
            class="cell"
          />
          <div
            class="cell"
          />
          <div
            class="cell"
          />
          <div
            class="cell"
          />
          <div
            class="cell"
          />
          <div
            class="cell"
          />
          <div
            class="cell"
          />
          <div
            class="cell"
          />
          <div
            class="cell"
          />
          <div
            class="cell"
          />
          <div
            class="cell"
          />
          <div
            class="cell"
          />
          <div
            class="cell"
          />
          <div
            class="cell"
          />
          <div
            class="cell"
          />
          <div
            class="cell"
          />
          <div
            class="cell"
          />
          <div
            class="cell"
          />
          <div
            class="cell"
          />
          <div
            class="cell"
          />
          <div
            class="cell"
          />
        </div>
        <div
          class="dayColumn"
        >
          <div
            class="day cell"
          >
            2.4
          </div>
          <div
            class="cell"
          />
          <div
            class="cell"
          />
          <div
            class="cell"
          />
          <div
            class="cell"
          />
          <div
            class="cell"
          />
          <div
            class="cell"
          />
          <div
            class="cell"
          />
          <div
            class="cell"
          />
          <div
            class="cell"
          />
          <div
            class="cell"
          />
          <div
            class="cell"
          />
          <div
            class="cell"
          />
          <div
            class="cell"
          />
          <div
            class="cell"
          />
          <div
            class="cell"
          />
          <div
            class="cell"
          />
          <div
            class="cell"
          />
          <div
            class="cell"
          />
          <div
            class="cell"
          />
          <div
            class="cell"
          />
          <div
            class="cell"
          />
          <div
            class="cell"
          />
          <div
            class="cell"
          />
          <div
            class="cell"
          />
        </div>
        <div
          class="dayColumn"
        >
          <div
            class="day cell"
          >
            3.4
          </div>
          <div
            class="cell"
          />
          <div
            class="cell"
          />
          <div
            class="cell"
          />
          <div
            class="cell"
          />
          <div
            class="cell"
          />
          <div
            class="cell"
          />
          <div
            class="cell"
          />
          <div
            class="cell"
          />
          <div
            class="cell"
          />
          <div
            class="cell"
          />
          <div
            class="cell"
          />
          <div
            class="cell"
          />
          <div
            class="cell"
          />
          <div
            class="cell"
          />
          <div
            class="cell"
          />
          <div
            class="cell"
          />
          <div
            class="cell"
          />
          <div
            class="cell"
          />
          <div
            class="cell"
          />
          <div
            class="cell"
          />
          <div
            class="cell"
          />
          <div
            class="cell"
          />
          <div
            class="cell"
          />
          <div
            class="cell"
          />
        </div>
        <div
          class="dayColumn"
        >
          <div
            class="day cell"
          >
            4.4
          </div>
          <div
            class="cell"
          />
          <div
            class="cell"
          />
          <div
            class="cell"
          />
          <div
            class="cell"
          />
          <div
            class="cell"
          />
          <div
            class="cell"
          />
          <div
            class="cell"
          />
          <div
            class="cell"
          />
          <div
            class="cell"
          />
          <div
            class="cell"
          />
          <div
            class="cell"
          />
          <div
            class="cell"
          />
          <div
            class="cell"
          />
          <div
            class="cell"
          />
          <div
            class="cell"
          />
          <div
            class="cell"
          />
          <div
            class="cell"
          />
          <div
            class="cell"
          />
          <div
            class="cell"
          />
          <div
            class="cell"
          />
          <div
            class="cell"
          />
          <div
            class="cell"
          />
          <div
            class="cell"
          />
          <div
            class="cell"
          />
        </div>
      </div>
    </div>
    <div
      class="formContainer"
    >
      <select>
        <option
          value="1"
        >
           
        </option>
      </select>
      <div
        class="btnContainer"
      >
        <button
          class="addBtn"
        >
          <p
            class="addBtnText"
          >
            Add
          </p>
        </button>
        <button
          class="addBtn"
        >
          <p
            class="addBtnText"
          >
            Delete
          </p>
        </button>
      </div>
    </div>
  </div>
</div>
`;
