// Jest Snapshot v1, https://goo.gl/fbAQLP

exports[`App should render properly 1`] = `
<div>
  <div
    class="App"
  >
    <nav
      class="nav"
    >
      <ul
        class="navList"
      >
        <a
          href="/"
          style="text-decoration: none; color: rgb(196, 196, 196);"
        >
          <li>
            Services
          </li>
        </a>
        <a
          href="/coaches"
          style="text-decoration: none; color: rgb(196, 196, 196);"
        >
          <li>
            Coaches
          </li>
        </a>
        <a
          href="/clients"
          style="text-decoration: none; color: rgb(196, 196, 196);"
        >
          <li>
            Clients
          </li>
        </a>
        <a
          href="/slots"
          style="text-decoration: none; color: rgb(196, 196, 196);"
        >
          <li>
            Slots
          </li>
        </a>
        <a
          href="/booking"
          style="text-decoration: none; color: rgb(196, 196, 196);"
        >
          <li>
            Booking
          </li>
        </a>
      </ul>
    </nav>
    <div
      class="container"
    >
      <div
        class="leftContainer"
      >
        <button
          class="addBtn"
          data-testid="add-button"
        >
          <p
            class="addBtnText"
          >
            Add
          </p>
          <div
            class="addBtnPlus"
          >
            +
          </div>
        </button>
        <div
          class="resultList"
        />
      </div>
      <div
        class="rightContainer"
      >
        <form
          action=""
          data-testid="service-form"
        >
          <div
            class="omrs-input-group"
          >
            <label
              class="omrs-input-underlined"
            >
              <input
                data-testid="form-name"
                name="name"
                type="text"
                value=""
              />
              <span
                class="omrs-input-label"
              >
                name
              </span>
              <span
                class="omrs-input-helper"
              />
            </label>
          </div>
          <div
            class="omrs-input-group"
          >
            <label
              class="omrs-input-underlined"
            >
              <input
                data-testid="form-description"
                name="description"
                type="text"
                value=""
              />
              <span
                class="omrs-input-label"
              >
                description
              </span>
              <span
                class="omrs-input-helper"
              />
            </label>
          </div>
          <div
            class="omrs-input-group"
          >
            <label
              class="omrs-input-underlined"
            >
              <input
                data-testid="form-price"
                name="price"
                type="text"
                value=""
              />
              <span
                class="omrs-input-label"
              >
                price
              </span>
              <span
                class="omrs-input-helper"
              />
            </label>
          </div>
          <div
            class="btnContainer"
          >
            <button
              class="addBtn"
              data-testid="crud-button-submit"
              disabled=""
              type="submit"
            >
              <p
                class="addBtnText"
              >
                Done
              </p>
            </button>
          </div>
        </form>
      </div>
    </div>
  </div>
</div>
`;
